------------------------------------------------------------
TimeQuest Timing Analyzer Summary
------------------------------------------------------------

Type  : Slow 1200mV 85C Model Setup 'CLOCK_50'
Slack : 16.186
TNS   : 0.000

Type  : Slow 1200mV 85C Model Setup 'altera_reserved_tck'
Slack : 40.738
TNS   : 0.000

Type  : Slow 1200mV 85C Model Setup 'PLL_200MHz_inst|altpll_component|auto_generated|pll1|clk[0]'
Slack : 439.360
TNS   : 0.000

Type  : Slow 1200mV 85C Model Setup 'PLL_200MHz_inst|altpll_component|auto_generated|pll1|clk[4]'
Slack : 499.238
TNS   : 0.000

Type  : Slow 1200mV 85C Model Hold 'PLL_200MHz_inst|altpll_component|auto_generated|pll1|clk[0]'
Slack : 0.267
TNS   : 0.000

Type  : Slow 1200mV 85C Model Hold 'altera_reserved_tck'
Slack : 0.397
TNS   : 0.000

Type  : Slow 1200mV 85C Model Hold 'PLL_200MHz_inst|altpll_component|auto_generated|pll1|clk[4]'
Slack : 0.402
TNS   : 0.000

Type  : Slow 1200mV 85C Model Hold 'CLOCK_50'
Slack : 0.440
TNS   : 0.000

Type  : Slow 1200mV 85C Model Recovery 'altera_reserved_tck'
Slack : 93.564
TNS   : 0.000

Type  : Slow 1200mV 85C Model Removal 'altera_reserved_tck'
Slack : 1.494
TNS   : 0.000

Type  : Slow 1200mV 85C Model Minimum Pulse Width 'CLOCK_50'
Slack : 9.645
TNS   : 0.000

Type  : Slow 1200mV 85C Model Minimum Pulse Width 'CLOCK2_50'
Slack : 16.000
TNS   : 0.000

Type  : Slow 1200mV 85C Model Minimum Pulse Width 'CLOCK3_50'
Slack : 16.000
TNS   : 0.000

Type  : Slow 1200mV 85C Model Minimum Pulse Width 'altera_reserved_tck'
Slack : 49.494
TNS   : 0.000

Type  : Slow 1200mV 85C Model Minimum Pulse Width 'PLL_200MHz_inst|altpll_component|auto_generated|pll1|clk[0]'
Slack : 249.611
TNS   : 0.000

Type  : Slow 1200mV 85C Model Minimum Pulse Width 'PLL_200MHz_inst|altpll_component|auto_generated|pll1|clk[4]'
Slack : 499.708
TNS   : 0.000

Type  : Slow 1200mV 0C Model Setup 'CLOCK_50'
Slack : 16.545
TNS   : 0.000

Type  : Slow 1200mV 0C Model Setup 'altera_reserved_tck'
Slack : 41.478
TNS   : 0.000

Type  : Slow 1200mV 0C Model Setup 'PLL_200MHz_inst|altpll_component|auto_generated|pll1|clk[0]'
Slack : 444.633
TNS   : 0.000

Type  : Slow 1200mV 0C Model Setup 'PLL_200MHz_inst|altpll_component|auto_generated|pll1|clk[4]'
Slack : 499.301
TNS   : 0.000

Type  : Slow 1200mV 0C Model Hold 'PLL_200MHz_inst|altpll_component|auto_generated|pll1|clk[0]'
Slack : 0.268
TNS   : 0.000

Type  : Slow 1200mV 0C Model Hold 'PLL_200MHz_inst|altpll_component|auto_generated|pll1|clk[4]'
Slack : 0.353
TNS   : 0.000

Type  : Slow 1200mV 0C Model Hold 'altera_reserved_tck'
Slack : 0.353
TNS   : 0.000

Type  : Slow 1200mV 0C Model Hold 'CLOCK_50'
Slack : 0.387
TNS   : 0.000

Type  : Slow 1200mV 0C Model Recovery 'altera_reserved_tck'
Slack : 94.146
TNS   : 0.000

Type  : Slow 1200mV 0C Model Removal 'altera_reserved_tck'
Slack : 1.366
TNS   : 0.000

Type  : Slow 1200mV 0C Model Minimum Pulse Width 'CLOCK_50'
Slack : 9.636
TNS   : 0.000

Type  : Slow 1200mV 0C Model Minimum Pulse Width 'CLOCK2_50'
Slack : 16.000
TNS   : 0.000

Type  : Slow 1200mV 0C Model Minimum Pulse Width 'CLOCK3_50'
Slack : 16.000
TNS   : 0.000

Type  : Slow 1200mV 0C Model Minimum Pulse Width 'altera_reserved_tck'
Slack : 49.409
TNS   : 0.000

Type  : Slow 1200mV 0C Model Minimum Pulse Width 'PLL_200MHz_inst|altpll_component|auto_generated|pll1|clk[0]'
Slack : 249.631
TNS   : 0.000

Type  : Slow 1200mV 0C Model Minimum Pulse Width 'PLL_200MHz_inst|altpll_component|auto_generated|pll1|clk[4]'
Slack : 499.709
TNS   : 0.000

Type  : Fast 1200mV 0C Model Setup 'CLOCK_50'
Slack : 18.014
TNS   : 0.000

Type  : Fast 1200mV 0C Model Setup 'altera_reserved_tck'
Slack : 45.632
TNS   : 0.000

Type  : Fast 1200mV 0C Model Setup 'PLL_200MHz_inst|altpll_component|auto_generated|pll1|clk[0]'
Slack : 469.405
TNS   : 0.000

Type  : Fast 1200mV 0C Model Setup 'PLL_200MHz_inst|altpll_component|auto_generated|pll1|clk[4]'
Slack : 499.555
TNS   : 0.000

Type  : Fast 1200mV 0C Model Hold 'PLL_200MHz_inst|altpll_component|auto_generated|pll1|clk[0]'
Slack : 0.089
TNS   : 0.000

Type  : Fast 1200mV 0C Model Hold 'altera_reserved_tck'
Slack : 0.168
TNS   : 0.000

Type  : Fast 1200mV 0C Model Hold 'PLL_200MHz_inst|altpll_component|auto_generated|pll1|clk[4]'
Slack : 0.181
TNS   : 0.000

Type  : Fast 1200mV 0C Model Hold 'CLOCK_50'
Slack : 0.201
TNS   : 0.000

Type  : Fast 1200mV 0C Model Recovery 'altera_reserved_tck'
Slack : 96.457
TNS   : 0.000

Type  : Fast 1200mV 0C Model Removal 'altera_reserved_tck'
Slack : 0.712
TNS   : 0.000

Type  : Fast 1200mV 0C Model Minimum Pulse Width 'CLOCK_50'
Slack : 9.267
TNS   : 0.000

Type  : Fast 1200mV 0C Model Minimum Pulse Width 'CLOCK2_50'
Slack : 16.000
TNS   : 0.000

Type  : Fast 1200mV 0C Model Minimum Pulse Width 'CLOCK3_50'
Slack : 16.000
TNS   : 0.000

Type  : Fast 1200mV 0C Model Minimum Pulse Width 'altera_reserved_tck'
Slack : 49.283
TNS   : 0.000

Type  : Fast 1200mV 0C Model Minimum Pulse Width 'PLL_200MHz_inst|altpll_component|auto_generated|pll1|clk[0]'
Slack : 249.750
TNS   : 0.000

Type  : Fast 1200mV 0C Model Minimum Pulse Width 'PLL_200MHz_inst|altpll_component|auto_generated|pll1|clk[4]'
Slack : 499.753
TNS   : 0.000

------------------------------------------------------------
